Traceback (most recent call last):
  File "/Users/Shared/miniconda3/envs/jupyterbook/lib/python3.9/site-packages/jupyter_cache/executors/utils.py", line 58, in single_nb_execution
    executenb(
  File "/Users/Shared/miniconda3/envs/jupyterbook/lib/python3.9/site-packages/nbclient/client.py", line 1319, in execute
    return NotebookClient(nb=nb, resources=resources, km=km, **kwargs).execute()
  File "/Users/Shared/miniconda3/envs/jupyterbook/lib/python3.9/site-packages/jupyter_core/utils/__init__.py", line 165, in wrapped
    return loop.run_until_complete(inner)
  File "/Users/Shared/miniconda3/envs/jupyterbook/lib/python3.9/asyncio/base_events.py", line 647, in run_until_complete
    return future.result()
  File "/Users/Shared/miniconda3/envs/jupyterbook/lib/python3.9/site-packages/nbclient/client.py", line 709, in async_execute
    await self.async_execute_cell(
  File "/Users/Shared/miniconda3/envs/jupyterbook/lib/python3.9/site-packages/nbclient/client.py", line 1062, in async_execute_cell
    await self._check_raise_for_error(cell, cell_index, exec_reply)
  File "/Users/Shared/miniconda3/envs/jupyterbook/lib/python3.9/site-packages/nbclient/client.py", line 918, in _check_raise_for_error
    raise CellExecutionError.from_cell_and_msg(cell, exec_reply_content)
nbclient.exceptions.CellExecutionError: An error occurred while executing the following cell:
------------------
%timeit X=FFT(x)
%timeit dft(x)
# calculate the frequency
N = len(X)
n = np.arange(N)
T = N/sr
freq = n/T

plt.figure(figsize = (12, 6))
plt.subplot(121)
plt.stem(freq, abs(X), 'b', \
         markerfmt=" ", basefmt="-b")
plt.xlabel('Freq (Hz)')
plt.ylabel('FFT Amplitude |X(freq)|')

# Get the one-sided specturm
n_oneside = N//2
# get the one side frequency
f_oneside = freq[:n_oneside]

# normalize the amplitude
X_oneside =X[:n_oneside]/n_oneside

plt.subplot(122)
plt.stem(f_oneside, abs(X_oneside), 'b', \
         markerfmt=" ", basefmt="-b")
plt.xlabel('Freq (Hz)')
plt.ylabel('Normalized FFT Amplitude |X(freq)|')
plt.tight_layout()
plt.show()
------------------

----- stdout -----
598 µs ± 4.08 µs per loop (mean ± std. dev. of 7 runs, 1,000 loops each)
----- stdout -----
376 µs ± 1.71 µs per loop (mean ± std. dev. of 7 runs, 1,000 loops each)
------------------

[0;31m---------------------------------------------------------------------------[0m
[0;31mNameError[0m                                 Traceback (most recent call last)
Cell [0;32mIn[7], line 4[0m
[1;32m      2[0m get_ipython()[38;5;241m.[39mrun_line_magic([38;5;124m'[39m[38;5;124mtimeit[39m[38;5;124m'[39m, [38;5;124m'[39m[38;5;124mdft(x)[39m[38;5;124m'[39m)
[1;32m      3[0m [38;5;66;03m# calculate the frequency[39;00m
[0;32m----> 4[0m N [38;5;241m=[39m [38;5;28mlen[39m([43mX[49m)
[1;32m      5[0m n [38;5;241m=[39m np[38;5;241m.[39marange(N)
[1;32m      6[0m T [38;5;241m=[39m N[38;5;241m/[39msr

[0;31mNameError[0m: name 'X' is not defined

