Traceback (most recent call last):
  File "/Users/Shared/miniconda3/envs/default_env2/lib/python3.9/site-packages/jupyter_cache/executors/utils.py", line 51, in single_nb_execution
    executenb(
  File "/Users/Shared/miniconda3/envs/default_env2/lib/python3.9/site-packages/nbclient/client.py", line 1204, in execute
    return NotebookClient(nb=nb, resources=resources, km=km, **kwargs).execute()
  File "/Users/Shared/miniconda3/envs/default_env2/lib/python3.9/site-packages/nbclient/util.py", line 84, in wrapped
    return just_run(coro(*args, **kwargs))
  File "/Users/Shared/miniconda3/envs/default_env2/lib/python3.9/site-packages/nbclient/util.py", line 62, in just_run
    return loop.run_until_complete(coro)
  File "/Users/Shared/miniconda3/envs/default_env2/lib/python3.9/asyncio/base_events.py", line 647, in run_until_complete
    return future.result()
  File "/Users/Shared/miniconda3/envs/default_env2/lib/python3.9/site-packages/nbclient/client.py", line 663, in async_execute
    await self.async_execute_cell(
  File "/Users/Shared/miniconda3/envs/default_env2/lib/python3.9/site-packages/nbclient/client.py", line 965, in async_execute_cell
    await self._check_raise_for_error(cell, cell_index, exec_reply)
  File "/Users/Shared/miniconda3/envs/default_env2/lib/python3.9/site-packages/nbclient/client.py", line 862, in _check_raise_for_error
    raise CellExecutionError.from_cell_and_msg(cell, exec_reply_content)
nbclient.exceptions.CellExecutionError: An error occurred while executing the following cell:
------------------
""""
Nicholas Lutsko -- AOS Program, Princeton

Zonally truncated 2-layer QG model after Held & Panetta 1988
Only keep 1 zonal wavenumber, default is k=0.7

The non-linear terms are calculated using the
Orszag (1971) alias-free transform method. Leapfrog
time-stepping is used for all terms except the
hyperdiffusion.

Here it just tracks the growth rate, the
domain-mean energy and the domain-mean enstrophy,
and also plots the zonal-mean streamfunction as a
function of time, but it can be easily modified to
do other things.

Last updated -- July 12th 2016
"""
import numpy as np
import math
import matplotlib.pylab as plt
from random import random


#######################################################
#  First declare some parameters, arrays, etc.

opt = 3 # 1 = just the linear parts, 2 = just the nonlinear parts, 3 = full model

N = 256 #size of spectral decomposition
L = 20. #size of domain -- stick to multiples of 10

nu = pow( 10., -3. ) #viscous dissipation
km = 0.3 #Ekman friction -- setting in PH88 is 0.3
kt = 0.067 #radiative damping -- value in PH88 is 0.067
bet = 0.15 #beta -- value in PH88 is 0.15
pi = math.pi #always useful

#Wavenumbers:
#Zonal wavenumbers:
MK = int(0.7 * L ) #Wavenumber to keep
zk = np.array([0., 0.7])

#Meridional wavenumbers:
ll = np.fft.fftfreq( N , L / 256. )

x = np.linspace( 0, 2. * pi * L, N ) #domain size
dt = 0.025 #Timestep
ts = 10000 #Total timesteps
lim = 2000 #Start taking averages from here

#Spectral arrays:
#Only need 3 time-steps
psic_1 = np.zeros( ( ( 3 , 2 , N ) ) ).astype( complex )
psic_2 = np.zeros( ( ( 3 , 2 , N ) ) ).astype( complex )
qc_1 = np.zeros( ( ( 3 , 2 , N ) ) ).astype( complex )
qc_2 = np.zeros( ( ( 3 , 2 , N ) ) ).astype( complex )

#Array for saving zonal-mean upper-level streamfunction
psi_1 = np.zeros( (ts, N ) )

#Track energy, enstrophy and growth rate:
en = np.zeros( ts )
ens = np.zeros( ts )
gr = np.zeros( ( int(ts - lim), int(N / 2) ) )


#######################################################
#  Some functions

def ft( psi ):
    """Fourier Transform and keep relevant coefficients"""
    temp1 = np.fft.fft2( psi )
    return temp1[: , 0 ] / N / N , temp1[:, MK ] / N / N

def ift( psic ):
    """Inverse Fourier Transform"""
    temp1 = np.fft.ifft( psic[ 0 ] )
    temp2 = np.fft.ifft( psic[ 1 ] )
    ps = temp1[ : , np.newaxis ] + temp2 [ : , np.newaxis ] * np.exp( 1.j * zk[1 ] * x[:] ) + ( temp2[ : , np.newaxis ].conjugate() ) * np.exp( -1.j * zk[1] * x[:] )
     #psi(x,y,t)  =  psi_0(y,t) + (psi_k(y,t)exp(ikx) + c.c)
    return ps

def ptq(ps1, ps2):
    """Calculate PV"""
    q1 = -(ll[np.newaxis, :] ** 2 + zk[:, np.newaxis] ** 2 ) * ps1 - (ps1 - ps2) / 2. # -(k^2 + l^2) * psi_1 -0.5*(psi_1-psi_2)
    q2 = -(ll[np.newaxis, :] ** 2 + zk[:, np.newaxis] ** 2 ) * ps2 + (ps1 - ps2) / 2. # -(k^2 + l^2) * psi_2 +0.5*(psi_1-psi_2)
    return q1, q2

def qtp(q1_s, q2_s):
    """Invert PV"""
    psi_bt = -(q1_s + q2_s) / (ll[np.newaxis, :] ** 2 + zk[:, np.newaxis] ** 2) / 2.      # (psi_1 + psi_2)/2
    psi_bc = -(q1_s - q2_s) / (ll[np.newaxis, :] ** 2 + zk[:, np.newaxis] ** 2 + 1.) / 2.  # (psi_1 - psi_2)/2
    psi_bt[0, 0] = 0.
    psi1 = psi_bt + psi_bc
    psi2 = psi_bt - psi_bc
    return psi1, psi2

def calcnl( psi, qc):
    """"Calculate dealiased non-linear terms"""
    ex = int(N * 3 / 2) #3/2*the total wavenumbers
    temp1 = np.zeros( ex ).astype( complex )
    temp2 = np.zeros( ex ).astype( complex )
    temp4 = np.zeros( N ).astype( complex )	#Final array
    #Pad values:
    temp1[:int(N/2)] = psi[:int(N/2)]
    temp1[ex-int(N/2):] = psi[int(N/2):]
    temp2[:int(N/2)] = qc[:int(N/2)]
    temp2[ex-int(N/2):] = qc[int(N/2):]
    #Fourier transform product, normalize, and filter:
    temp3 = np.fft.fft( np.fft.ifft( temp1 ) * np.fft.ifft( temp2 ) ) * 3. / 2.
    temp4[:int(N/2)] = temp3[:int(N/2)]
    temp4[int(N/2):] = temp3[ex-int(N/2):]
    return temp4

def nlterm(j, wpsi, psi, wqc, qc):
    """"Calculate non-linear terms"""
    if j == 0:
        NL1 = calcnl(wpsi, 1.j * ll * qc) #ik psi_k * dq_k^*/dy
        NL2 = calcnl(qc, 1.j * ll * wpsi) #ik q_k^* * d(psi_k)/dy
        NL3 = calcnl(psi, 1.j * ll * wqc) #ik psi_k^* * dq_k/dy
        NL4 = calcnl(wqc , 1.j * ll * psi) #ik q_k * d(psi_k^*)/dy
        return (1.j * zk[1] * (NL4 + NL3 - NL2 - NL1)).real

    else:
        NL1 = calcnl(qc, 1.j * ll * wpsi) #q_k * d(psi_0)/dy
        NL2 = calcnl(psi, 1.j * ll * wqc) #psi_k * d(q_0)/dy
        return 1.j * zk[1] * ( NL1 - NL2 )

def lterm(lay, k1, qc, psi, opsi, upsi, j):
    """"Calculate linear terms"""
    if lay == 1:
         return - 1.j * k1 * qc - 1.j * k1 * ( bet + 0.5 ) * psi + kt * (psi - upsi)
    else:
        return  - 1.j * k1 * ( bet - 0.5 ) * psi + km * ((k1 + ll) ** 2) * opsi + kt * (psi - upsi)



#######################################################
#  Initial conditions:

#Make ICs:
from random import random
psic_1[0] = [ [ random() * .0001  for i in range(N) ] for j in range(2) ]
psic_2[0] = [ [ random() * .0001  for i in range(N) ] for j in range(2) ]
psic_1[0, 0, 0 ] = 0.
psic_2[0, 0, 0 ] = 0.

#Transfer values:
psic_1[ 1 , : , : ] = psic_1[ 0 , : , : ]
psic_2[ 1 , : , : ] = psic_2[ 0 , : , : ]

#Calculate initial PV
qc_1[0], qc_2[0] = ptq(psic_1[0], psic_2[0])
qc_1[1], qc_2[1] = ptq(psic_1[1], psic_2[1])

#Take first norms:
en[0] = np.linalg.norm(psic_1[0, 0] + psic_1[0, 1] ) #Energy
ens[0] = np.linalg.norm(qc_1[0, 1] + qc_1[0, 0] ) #Enstrophy


#######################################################
#  Time-stepping functions

def fs(ovar, rhs, det, jk):
    """Forward Step: q^t-1 / ( 1 + 2. * dt * nu * (k^4 + l^4 ) ) + RHS"""
    mult = det / ( 1. + det * nu * (zk[jk] ** 4 + ll ** 4) )
    return mult * (ovar / det + rhs)

def lf(oovar, rhs, det, jk):
    """Leap frog timestepping: q^t-1 / ( 1 + 2. * dt * nu * (k^4 + l^4 ) ) + RHS"""
    mult = 2. * det / ( 1. + 2. * det * nu * (zk[jk] ** 4 + ll ** 4) )
    return mult * (oovar / det / 2. + rhs)

g = 0.04 #filter coefficient
def filt(var, ovar, nvar):
    """Leapfrog filtering"""
    return var + g * (ovar - 2. * var + nvar )


#######################################################
#  Main time-stepping loop

print ("Timestep:", 0)

forc1 = np.zeros(N).astype(complex)
forc2 = np.zeros(N).astype(complex)
nl1 = np.zeros(N).astype(complex)
nl2 = np.zeros(N).astype(complex)

#Timestepping:
for i in range(1, ts):

    if i % 10 == 0:
        print ("Timestep:", i, " / ", ts)

    #Calculate conjugates:
    qcc_1 = np.fft.fft( np.fft.ifft(qc_1[1, 1] ).conjugate() )
    qcc_2 = np.fft.fft( np.fft.ifft(qc_2[1, 1] ).conjugate() )
    pcc_1 = np.fft.fft( np.fft.ifft(psic_1[1, 1] ).conjugate() )
    pcc_2 = np.fft.fft( np.fft.ifft(psic_2[1, 1] ).conjugate() )

    #Calculate timestep
    for j in range(2):
        if opt > 1:
           if j == 0:
                nl1 = nlterm(j, psic_1[1, 1], pcc_1, qc_1[1, 1], qcc_1)
                nl2 = nlterm(j, psic_2[1, 1], pcc_2, qc_2[1, 1], qcc_2)
           else:
                nl1 = nlterm(j, psic_1[1, 0], psic_1[1, 1], qc_1[1, 0], qc_1[1, 1])
                nl2 = nlterm(j, psic_2[1, 0], psic_2[1, 1], qc_2[1, 0], qc_2[1, 1])
        if opt != 2:
            forc1[:] = lterm(1, zk[j], qc_1[1, j, :], psic_1[1, j, :], psic_1[0, j, :], psic_2[1, j, :], j)
            forc2[:] = lterm(2, zk[j], qc_2[1, j, :], psic_2[1, j, :], psic_2[0, j, :], psic_1[1, j, :], j)

        rhs1 = nl1[:] + forc1[:]
        rhs2 = nl2[:] + forc2[:]

        if i == 1:
		#Forward step
        	qc_1[2, j] = fs(qc_1[1, j, :], rhs1[:], dt, j)
        	qc_2[2, j] = fs(qc_2[1, j, :], rhs2[:], dt, j)
        else:
		#Leapfrog step
        	qc_1[2, j, :] = lf(qc_1[0, j, :], rhs1[:], dt, j)
        	qc_2[2, j, :] = lf(qc_2[0, j, :], rhs2[:], dt, j)
        if i > 1:
		#Leapfrog filter
                qc_1[1, j] = filt(qc_1[1, j], qc_1[0, j], qc_1[2, j])
                qc_2[1, j] = filt(qc_2[1, j], qc_2[0, j], qc_2[2, j])

    #Invert:
    psic_1[1], psic_2[1] = qtp(qc_1[2], qc_2[2] )
    psic_1[0], psic_2[0] = qtp(qc_1[1], qc_2[1] )

    #Growth rate, norms
    if i > lim:
        gr[i-lim, :] =  np.log( abs( psic_1[1, 1, :int(N/2)] ) / abs( psic_1[0, 1, :int(N/2)] ) ) / dt #Growth rate
    en[i] = np.linalg.norm(psic_1[1, 0] + psic_1[1, 1] ) #Energy
    ens[i] = np.linalg.norm(qc_1[1, 0] + qc_1[1, 1] ) #Enstrophy


    psi_1[i, :] = np.mean( ift( psic_1[1] ), axis = 1 ).real

    #Transfer values:
    qc_1[0, :, :] = qc_1[1, :, :]
    qc_2[0, :, :] = qc_2[1, :, :]
    qc_1[1, :, :] = qc_1[2, :, :]
    qc_2[1, :, :] = qc_2[2, :, :]


time = np.arange(0, ts * dt, dt)
y = np.linspace( 0., L, 256 )
v = np.linspace( -5., 5., 100 )

fig = plt.figure( figsize = (10, 8) )
plt.subplots_adjust( left = 0.1, right = 0.95, bottom = 0.1, top = 0.9 )

ax = plt.subplot( 1, 1, 1 )
plt.title("Hovmuller plot of upper level streamfunction", fontsize = 16)

plt.contourf( time, y, np.swapaxes( psi_1, 0, 1), v, cmap = plt.cm.RdBu_r )
cbar = plt.colorbar(ticks = [-5., -2.5, 0., 2.5, 5.])
cbar.set_label(r"$\psi_1$", fontsize = 16 )

plt.xlabel("Time", fontsize = 16)
plt.ylabel("Y", fontsize = 16)
ax.tick_params(axis = 'x', which = 'both', direction = 'out', top = 'off')
ax.tick_params(axis = 'y', which = 'both', direction = 'out', right = 'off')

plt.xlim([100., 250.])

ax.patch.set_facecolor('k')
ax.patch.set_alpha(0.25)

plt.savefig("images/upper_level_streamfunction.png")
plt.show()


------------------

[0;31m---------------------------------------------------------------------------[0m
[0;31mFileNotFoundError[0m                         Traceback (most recent call last)
Cell [0;32mIn [1], line 277[0m
[1;32m    274[0m ax[38;5;241m.[39mpatch[38;5;241m.[39mset_facecolor([38;5;124m'[39m[38;5;124mk[39m[38;5;124m'[39m)
[1;32m    275[0m ax[38;5;241m.[39mpatch[38;5;241m.[39mset_alpha([38;5;241m0.25[39m)
[0;32m--> 277[0m [43mplt[49m[38;5;241;43m.[39;49m[43msavefig[49m[43m([49m[38;5;124;43m"[39;49m[38;5;124;43mimages/upper_level_streamfunction.png[39;49m[38;5;124;43m"[39;49m[43m)[49m
[1;32m    278[0m plt[38;5;241m.[39mshow()

File [0;32m/Users/Shared/miniconda3/envs/default_env2/lib/python3.9/site-packages/matplotlib/pyplot.py:958[0m, in [0;36msavefig[0;34m(*args, **kwargs)[0m
[1;32m    955[0m [38;5;129m@_copy_docstring_and_deprecators[39m(Figure[38;5;241m.[39msavefig)
[1;32m    956[0m [38;5;28;01mdef[39;00m [38;5;21msavefig[39m([38;5;241m*[39margs, [38;5;241m*[39m[38;5;241m*[39mkwargs):
[1;32m    957[0m     fig [38;5;241m=[39m gcf()
[0;32m--> 958[0m     res [38;5;241m=[39m [43mfig[49m[38;5;241;43m.[39;49m[43msavefig[49m[43m([49m[38;5;241;43m*[39;49m[43margs[49m[43m,[49m[43m [49m[38;5;241;43m*[39;49m[38;5;241;43m*[39;49m[43mkwargs[49m[43m)[49m
[1;32m    959[0m     fig[38;5;241m.[39mcanvas[38;5;241m.[39mdraw_idle()   [38;5;66;03m# need this if 'transparent=True' to reset colors[39;00m
[1;32m    960[0m     [38;5;28;01mreturn[39;00m res

File [0;32m/Users/Shared/miniconda3/envs/default_env2/lib/python3.9/site-packages/matplotlib/figure.py:3012[0m, in [0;36mFigure.savefig[0;34m(self, fname, transparent, **kwargs)[0m
[1;32m   3008[0m     [38;5;28;01mfor[39;00m ax [38;5;129;01min[39;00m [38;5;28mself[39m[38;5;241m.[39maxes:
[1;32m   3009[0m         stack[38;5;241m.[39menter_context(
[1;32m   3010[0m             ax[38;5;241m.[39mpatch[38;5;241m.[39m_cm_set(facecolor[38;5;241m=[39m[38;5;124m'[39m[38;5;124mnone[39m[38;5;124m'[39m, edgecolor[38;5;241m=[39m[38;5;124m'[39m[38;5;124mnone[39m[38;5;124m'[39m))
[0;32m-> 3012[0m [38;5;28;43mself[39;49m[38;5;241;43m.[39;49m[43mcanvas[49m[38;5;241;43m.[39;49m[43mprint_figure[49m[43m([49m[43mfname[49m[43m,[49m[43m [49m[38;5;241;43m*[39;49m[38;5;241;43m*[39;49m[43mkwargs[49m[43m)[49m

File [0;32m/Users/Shared/miniconda3/envs/default_env2/lib/python3.9/site-packages/matplotlib/backend_bases.py:2314[0m, in [0;36mFigureCanvasBase.print_figure[0;34m(self, filename, dpi, facecolor, edgecolor, orientation, format, bbox_inches, pad_inches, bbox_extra_artists, backend, **kwargs)[0m
[1;32m   2310[0m [38;5;28;01mtry[39;00m:
[1;32m   2311[0m     [38;5;66;03m# _get_renderer may change the figure dpi (as vector formats[39;00m
[1;32m   2312[0m     [38;5;66;03m# force the figure dpi to 72), so we need to set it again here.[39;00m
[1;32m   2313[0m     [38;5;28;01mwith[39;00m cbook[38;5;241m.[39m_setattr_cm([38;5;28mself[39m[38;5;241m.[39mfigure, dpi[38;5;241m=[39mdpi):
[0;32m-> 2314[0m         result [38;5;241m=[39m [43mprint_method[49m[43m([49m
[1;32m   2315[0m [43m            [49m[43mfilename[49m[43m,[49m
[1;32m   2316[0m [43m            [49m[43mfacecolor[49m[38;5;241;43m=[39;49m[43mfacecolor[49m[43m,[49m
[1;32m   2317[0m [43m            [49m[43medgecolor[49m[38;5;241;43m=[39;49m[43medgecolor[49m[43m,[49m
[1;32m   2318[0m [43m            [49m[43morientation[49m[38;5;241;43m=[39;49m[43morientation[49m[43m,[49m
[1;32m   2319[0m [43m            [49m[43mbbox_inches_restore[49m[38;5;241;43m=[39;49m[43m_bbox_inches_restore[49m[43m,[49m
[1;32m   2320[0m [43m            [49m[38;5;241;43m*[39;49m[38;5;241;43m*[39;49m[43mkwargs[49m[43m)[49m
[1;32m   2321[0m [38;5;28;01mfinally[39;00m:
[1;32m   2322[0m     [38;5;28;01mif[39;00m bbox_inches [38;5;129;01mand[39;00m restore_bbox:

File [0;32m/Users/Shared/miniconda3/envs/default_env2/lib/python3.9/site-packages/matplotlib/backend_bases.py:1643[0m, in [0;36m_check_savefig_extra_args.<locals>.wrapper[0;34m(*args, **kwargs)[0m
[1;32m   1635[0m     _api[38;5;241m.[39mwarn_deprecated(
[1;32m   1636[0m         [38;5;124m'[39m[38;5;124m3.3[39m[38;5;124m'[39m, name[38;5;241m=[39mname,
[1;32m   1637[0m         message[38;5;241m=[39m[38;5;124m'[39m[38;5;132;01m%(name)s[39;00m[38;5;124m() got unexpected keyword argument [39m[38;5;124m"[39m[38;5;124m'[39m
[1;32m   1638[0m                 [38;5;241m+[39m arg [38;5;241m+[39m [38;5;124m'[39m[38;5;124m"[39m[38;5;124m which is no longer supported as of [39m[38;5;124m'[39m
[1;32m   1639[0m                 [38;5;124m'[39m[38;5;132;01m%(since)s[39;00m[38;5;124m and will become an error [39m[38;5;124m'[39m
[1;32m   1640[0m                 [38;5;124m'[39m[38;5;132;01m%(removal)s[39;00m[38;5;124m'[39m)
[1;32m   1641[0m     kwargs[38;5;241m.[39mpop(arg)
[0;32m-> 1643[0m [38;5;28;01mreturn[39;00m [43mfunc[49m[43m([49m[38;5;241;43m*[39;49m[43margs[49m[43m,[49m[43m [49m[38;5;241;43m*[39;49m[38;5;241;43m*[39;49m[43mkwargs[49m[43m)[49m

File [0;32m/Users/Shared/miniconda3/envs/default_env2/lib/python3.9/site-packages/matplotlib/_api/deprecation.py:412[0m, in [0;36mdelete_parameter.<locals>.wrapper[0;34m(*inner_args, **inner_kwargs)[0m
[1;32m    402[0m     deprecation_addendum [38;5;241m=[39m (
[1;32m    403[0m         [38;5;124mf[39m[38;5;124m"[39m[38;5;124mIf any parameter follows [39m[38;5;132;01m{[39;00mname[38;5;132;01m!r}[39;00m[38;5;124m, they should be passed as [39m[38;5;124m"[39m
[1;32m    404[0m         [38;5;124mf[39m[38;5;124m"[39m[38;5;124mkeyword, not positionally.[39m[38;5;124m"[39m)
[1;32m    405[0m     warn_deprecated(
[1;32m    406[0m         since,
[1;32m    407[0m         name[38;5;241m=[39m[38;5;28mrepr[39m(name),
[0;32m   (...)[0m
[1;32m    410[0m                  [38;5;28;01melse[39;00m deprecation_addendum,
[1;32m    411[0m         [38;5;241m*[39m[38;5;241m*[39mkwargs)
[0;32m--> 412[0m [38;5;28;01mreturn[39;00m [43mfunc[49m[43m([49m[38;5;241;43m*[39;49m[43minner_args[49m[43m,[49m[43m [49m[38;5;241;43m*[39;49m[38;5;241;43m*[39;49m[43minner_kwargs[49m[43m)[49m

File [0;32m/Users/Shared/miniconda3/envs/default_env2/lib/python3.9/site-packages/matplotlib/backends/backend_agg.py:541[0m, in [0;36mFigureCanvasAgg.print_png[0;34m(self, filename_or_obj, metadata, pil_kwargs, *args)[0m
[1;32m    494[0m [38;5;124;03m"""[39;00m
[1;32m    495[0m [38;5;124;03mWrite the figure to a PNG file.[39;00m
[1;32m    496[0m 
[0;32m   (...)[0m
[1;32m    538[0m [38;5;124;03m    *metadata*, including the default 'Software' key.[39;00m
[1;32m    539[0m [38;5;124;03m"""[39;00m
[1;32m    540[0m FigureCanvasAgg[38;5;241m.[39mdraw([38;5;28mself[39m)
[0;32m--> 541[0m [43mmpl[49m[38;5;241;43m.[39;49m[43mimage[49m[38;5;241;43m.[39;49m[43mimsave[49m[43m([49m
[1;32m    542[0m [43m    [49m[43mfilename_or_obj[49m[43m,[49m[43m [49m[38;5;28;43mself[39;49m[38;5;241;43m.[39;49m[43mbuffer_rgba[49m[43m([49m[43m)[49m[43m,[49m[43m [49m[38;5;28;43mformat[39;49m[38;5;241;43m=[39;49m[38;5;124;43m"[39;49m[38;5;124;43mpng[39;49m[38;5;124;43m"[39;49m[43m,[49m[43m [49m[43morigin[49m[38;5;241;43m=[39;49m[38;5;124;43m"[39;49m[38;5;124;43mupper[39;49m[38;5;124;43m"[39;49m[43m,[49m
[1;32m    543[0m [43m    [49m[43mdpi[49m[38;5;241;43m=[39;49m[38;5;28;43mself[39;49m[38;5;241;43m.[39;49m[43mfigure[49m[38;5;241;43m.[39;49m[43mdpi[49m[43m,[49m[43m [49m[43mmetadata[49m[38;5;241;43m=[39;49m[43mmetadata[49m[43m,[49m[43m [49m[43mpil_kwargs[49m[38;5;241;43m=[39;49m[43mpil_kwargs[49m[43m)[49m

File [0;32m/Users/Shared/miniconda3/envs/default_env2/lib/python3.9/site-packages/matplotlib/image.py:1675[0m, in [0;36mimsave[0;34m(fname, arr, vmin, vmax, cmap, format, origin, dpi, metadata, pil_kwargs)[0m
[1;32m   1673[0m pil_kwargs[38;5;241m.[39msetdefault([38;5;124m"[39m[38;5;124mformat[39m[38;5;124m"[39m, [38;5;28mformat[39m)
[1;32m   1674[0m pil_kwargs[38;5;241m.[39msetdefault([38;5;124m"[39m[38;5;124mdpi[39m[38;5;124m"[39m, (dpi, dpi))
[0;32m-> 1675[0m [43mimage[49m[38;5;241;43m.[39;49m[43msave[49m[43m([49m[43mfname[49m[43m,[49m[43m [49m[38;5;241;43m*[39;49m[38;5;241;43m*[39;49m[43mpil_kwargs[49m[43m)[49m

File [0;32m/Users/Shared/miniconda3/envs/default_env2/lib/python3.9/site-packages/PIL/Image.py:2428[0m, in [0;36mImage.save[0;34m(self, fp, format, **params)[0m
[1;32m   2426[0m         fp [38;5;241m=[39m builtins[38;5;241m.[39mopen(filename, [38;5;124m"[39m[38;5;124mr+b[39m[38;5;124m"[39m)
[1;32m   2427[0m     [38;5;28;01melse[39;00m:
[0;32m-> 2428[0m         fp [38;5;241m=[39m [43mbuiltins[49m[38;5;241;43m.[39;49m[43mopen[49m[43m([49m[43mfilename[49m[43m,[49m[43m [49m[38;5;124;43m"[39;49m[38;5;124;43mw+b[39;49m[38;5;124;43m"[39;49m[43m)[49m
[1;32m   2430[0m [38;5;28;01mtry[39;00m:
[1;32m   2431[0m     save_handler([38;5;28mself[39m, fp, filename)

[0;31mFileNotFoundError[0m: [Errno 2] No such file or directory: 'images/upper_level_streamfunction.png'
FileNotFoundError: [Errno 2] No such file or directory: 'images/upper_level_streamfunction.png'

