Traceback (most recent call last):
  File "/Users/Shared/miniconda3/envs/jupyterbook/lib/python3.9/site-packages/jupyter_cache/executors/utils.py", line 58, in single_nb_execution
    executenb(
  File "/Users/Shared/miniconda3/envs/jupyterbook/lib/python3.9/site-packages/nbclient/client.py", line 1319, in execute
    return NotebookClient(nb=nb, resources=resources, km=km, **kwargs).execute()
  File "/Users/Shared/miniconda3/envs/jupyterbook/lib/python3.9/site-packages/jupyter_core/utils/__init__.py", line 165, in wrapped
    return loop.run_until_complete(inner)
  File "/Users/Shared/miniconda3/envs/jupyterbook/lib/python3.9/asyncio/base_events.py", line 647, in run_until_complete
    return future.result()
  File "/Users/Shared/miniconda3/envs/jupyterbook/lib/python3.9/site-packages/nbclient/client.py", line 709, in async_execute
    await self.async_execute_cell(
  File "/Users/Shared/miniconda3/envs/jupyterbook/lib/python3.9/site-packages/nbclient/client.py", line 1062, in async_execute_cell
    await self._check_raise_for_error(cell, cell_index, exec_reply)
  File "/Users/Shared/miniconda3/envs/jupyterbook/lib/python3.9/site-packages/nbclient/client.py", line 918, in _check_raise_for_error
    raise CellExecutionError.from_cell_and_msg(cell, exec_reply_content)
nbclient.exceptions.CellExecutionError: An error occurred while executing the following cell:
------------------
varx = 21
vary = 20
varz = 1

fig = plt.figure(figsize=(10, 8))
axi = fig.gca(projection='3d')

axi.scatter(traj[varx], traj[vary], traj[varz], s=0.2);

axi.set_xlabel('$'+model_parameters.latex_var_string[varx]+'$')
axi.set_ylabel('$'+model_parameters.latex_var_string[vary]+'$')
axi.set_zlabel('$'+model_parameters.latex_var_string[varz]+'$');
------------------


[0;31m---------------------------------------------------------------------------[0m
[0;31mTypeError[0m                                 Traceback (most recent call last)
Cell [0;32mIn[15], line 6[0m
[1;32m      3[0m varz [38;5;241m=[39m [38;5;241m1[39m
[1;32m      5[0m fig [38;5;241m=[39m plt[38;5;241m.[39mfigure(figsize[38;5;241m=[39m([38;5;241m10[39m, [38;5;241m8[39m))
[0;32m----> 6[0m axi [38;5;241m=[39m [43mfig[49m[38;5;241;43m.[39;49m[43mgca[49m[43m([49m[43mprojection[49m[38;5;241;43m=[39;49m[38;5;124;43m'[39;49m[38;5;124;43m3d[39;49m[38;5;124;43m'[39;49m[43m)[49m
[1;32m      8[0m axi[38;5;241m.[39mscatter(traj[varx], traj[vary], traj[varz], s[38;5;241m=[39m[38;5;241m0.2[39m);
[1;32m     10[0m axi[38;5;241m.[39mset_xlabel([38;5;124m'[39m[38;5;124m$[39m[38;5;124m'[39m[38;5;241m+[39mmodel_parameters[38;5;241m.[39mlatex_var_string[varx][38;5;241m+[39m[38;5;124m'[39m[38;5;124m$[39m[38;5;124m'[39m)

[0;31mTypeError[0m: gca() got an unexpected keyword argument 'projection'

